// Jest Snapshot v1, https://goo.gl/fbAQLP

exports[`Test to component <GifExpertApp/> Should display the component <GifExpertApp/> correctly 1`] = `
<div>
  <h2>
    GifExpertApp
  </h2>
  <AddCategory
    setCategories={[Function]}
  />
  <hr />
  <ol>
    <GifGrid
      category="One Punch"
      key="One Punch"
    />
  </ol>
</div>
`;
