// Jest Snapshot v1, https://goo.gl/fbAQLP

exports[`Test to component <AddCategory/> Should display the component <AddCategory/> correctly 1`] = `
<form
  onSubmit={[Function]}
>
  <input
    onChange={[Function]}
    type="text"
    value=""
  />
</form>
`;
